Cloning into 'python-for-android'...
